// Jest Snapshot v1, https://goo.gl/fbAQLP

exports[`App should render correctly 1`] = `ShallowWrapper {}`;

exports[`Coin Slot should render correctly 1`] = `ShallowWrapper {}`;

exports[`Coins should render correctly 1`] = `ShallowWrapper {}`;

exports[`Products should render correctly 1`] = `ShallowWrapper {}`;

exports[`Rejected Coins should render correctly 1`] = `ShallowWrapper {}`;
